// Jest Snapshot v1, https://goo.gl/fbAQLP

exports[`The Home page renders correctly 1`] = `
<div>
  Home Updated
</div>
`;
