// Jest Snapshot v1, https://goo.gl/fbAQLP

exports[`The Logout page renders correctly 1`] = `
<div>
  Logging out...
</div>
`;
