// Jest Snapshot v1, https://goo.gl/fbAQLP

exports[`The Search page renders correctly 1`] = `<div />`;
