// Jest Snapshot v1, https://goo.gl/fbAQLP

exports[`The Search User/Profile page renders correctly 1`] = `
<div>
  <h1
    className="text-justify text-2xl px-48"
  >
    Search results for '
    '
  </h1>
</div>
`;
