// Jest Snapshot v1, https://goo.gl/fbAQLP

exports[`The Search Post/Location page renders correctly 1`] = `
[
  <h1
    className="text-justify text-2xl px-48"
  >
    Search results for '
    '
  </h1>,
  <div
    className="w-full lg:w-1/2 flex justify-end items-center relative"
  />,
]
`;
